REGION_ID|REGION_TYPE|PH2_DATA_CELL|COUNT
06|STATE|1|1
06|STATE|8|1
06|STATE|9|1
1|USA|1|1
1|USA|8|1
1|USA|9|1
