REGION_ID|REGION_TYPE|ITERATION_CODE|PH3_DATA_CELL|COUNT
