REGION_ID|REGION_TYPE|ITERATION_CODE|PH5_DENOM_DATA_CELL|COUNT
06|STATE|*|1|1
06|STATE|*|2|1
06|STATE|*|3|1
06|STATE|A|1|1
06|STATE|A|2|1
06|STATE|A|3|1
06|STATE|I|1|1
06|STATE|I|2|1
06|STATE|I|3|1
1|USA|*|1|1
1|USA|*|2|1
1|USA|*|3|1
1|USA|A|1|1
1|USA|A|2|1
1|USA|A|3|1
1|USA|I|1|1
1|USA|I|2|1
1|USA|I|3|1
