REGION_ID|REGION_TYPE|ITERATION_CODE|PH8_NUM_DATA_CELL|COUNT
06|STATE|*|1|3
06|STATE|*|2|3
06|STATE|A|1|3
06|STATE|A|2|3
06|STATE|I|1|3
06|STATE|I|2|3
1|USA|*|1|3
1|USA|*|2|3
1|USA|A|1|3
1|USA|A|2|3
1|USA|I|1|3
1|USA|I|2|3
